Component: ARM Compiler 5.06 update 7 (build 960) Tool: armlink [4d3601]

==============================================================================

Section Cross References

    main.o(.text) refers to delay.o(.text) for delay_init
    main.o(.text) refers to misc.o(.text) for NVIC_PriorityGroupConfig
    main.o(.text) refers to usart.o(.text) for uart_init
    main.o(.text) refers to led.o(.text) for LED_Init
    main.o(.text) refers to adc.o(.text) for Adc_Init
    main.o(.text) refers to key.o(.text) for KEY_Init
    main.o(.text) refers to tpad.o(.text) for tpad_init
    main.o(.text) refers to lsens.o(.text) for Lsens_Init
    main.o(.text) refers to ts.o(.text) for TS_Init
    main.o(.text) refers to timer.o(.text) for TIM3_Int_Init
    main.o(.text) refers to lv_obj.o(.text) for lv_init
    main.o(.text) refers to lv_port_disp_template.o(.text) for lv_port_disp_init
    main.o(.text) refers to lv_port_indev_template.o(.text) for lv_port_indev_init
    main.o(.text) refers to bump.o(.text) for BUMP_Init
    main.o(.text) refers to dht11.o(.text) for DHT11_Init
    main.o(.text) refers to atk_mw8266d.o(.text) for atk_mw8266d_init
    main.o(.text) refers to __2printf.o(.text) for __2printf
    main.o(.text) refers to lv_obj_tree.o(.text) for lv_obj_del
    main.o(.text) refers to lv_obj_style_gen.o(.text) for lv_obj_set_style_bg_color
    main.o(.text) refers to lv_obj_pos.o(.text) for lv_obj_set_size
    main.o(.text) refers to lv_label.o(.text) for lv_label_create
    main.o(.text) refers to main.o(.data) for .data
    main.o(.text) refers to touch.o(.data) for tp_dev
    main.o(.text) refers to lv_font_montserrat_18.o(.constdata) for lv_font_montserrat_18
    main.o(.text) refers to lv_font_montserrat_14.o(.constdata) for lv_font_montserrat_14
    main.o(.text) refers to main.o(.conststring) for .conststring
    main.o(.text) refers to lv_font_montserrat_16.o(.constdata) for lv_font_montserrat_16
    main.o(.text) refers to lv_timer.o(.text) for lv_timer_del
    main.o(.text) refers to lv_disp.o(.text) for lv_disp_load_scr
    main.o(.text) refers to stm32f10x_gpio.o(.text) for GPIO_ResetBits
    main.o(.text) refers to wifi.o(.text) for execute
    main.o(.text) refers to lv_hal_disp.o(.text) for lv_disp_get_default
    system_stm32f10x.o(.text) refers to system_stm32f10x.o(.data) for .data
    led.o(.text) refers to stm32f10x_rcc.o(.text) for RCC_APB2PeriphClockCmd
    led.o(.text) refers to stm32f10x_gpio.o(.text) for GPIO_Init
    key.o(.text) refers to stm32f10x_rcc.o(.text) for RCC_APB2PeriphClockCmd
    key.o(.text) refers to stm32f10x_gpio.o(.text) for GPIO_Init
    key.o(.text) refers to delay.o(.text) for delay_ms
    key.o(.text) refers to key.o(.data) for .data
    myiic.o(.text) refers to stm32f10x_rcc.o(.text) for RCC_APB2PeriphClockCmd
    myiic.o(.text) refers to stm32f10x_gpio.o(.text) for GPIO_Init
    myiic.o(.text) refers to delay.o(.text) for delay_us
    24cxx.o(.text) refers to myiic.o(.text) for IIC_Init
    24cxx.o(.text) refers to delay.o(.text) for delay_ms
    spi.o(.text) refers to stm32f10x_spi.o(.text) for SPI_I2S_GetFlagStatus
    spi.o(.text) refers to stm32f10x_rcc.o(.text) for RCC_APB2PeriphClockCmd
    spi.o(.text) refers to stm32f10x_gpio.o(.text) for GPIO_Init
    w25qxx.o(.text) refers to _printf_percent.o(.ARM.Collect$$_printf_percent$$00000000) for _printf_percent
    w25qxx.o(.text) refers to _printf_x.o(.ARM.Collect$$_printf_percent$$0000000C) for _printf_x
    w25qxx.o(.text) refers to _printf_hex_int_ll_ptr.o(.text) for _printf_longlong_hex
    w25qxx.o(.text) refers to spi.o(.text) for SPI2_ReadWriteByte
    w25qxx.o(.text) refers to stm32f10x_rcc.o(.text) for RCC_APB2PeriphClockCmd
    w25qxx.o(.text) refers to stm32f10x_gpio.o(.text) for GPIO_Init
    w25qxx.o(.text) refers to __2printf.o(.text) for __2printf
    w25qxx.o(.text) refers to delay.o(.text) for delay_us
    w25qxx.o(.text) refers to w25qxx.o(.data) for .data
    w25qxx.o(.text) refers to w25qxx.o(.bss) for .bss
    touch.o(.text) refers to _printf_percent.o(.ARM.Collect$$_printf_percent$$00000000) for _printf_percent
    touch.o(.text) refers to _printf_d.o(.ARM.Collect$$_printf_percent$$00000009) for _printf_d
    touch.o(.text) refers to _printf_dec.o(.text) for _printf_int_dec
    touch.o(.text) refers to _printf_f.o(.ARM.Collect$$_printf_percent$$00000003) for _printf_f
    touch.o(.text) refers to printf1.o(x$fpl$printf1) for _printf_fp_dec
    touch.o(.text) refers to sys.o(.text) for sys_gpio_pin_set
    touch.o(.text) refers to delay.o(.text) for delay_us
    touch.o(.text) refers to lcd.o(.text) for lcd_draw_line
    touch.o(.text) refers to fflt_clz.o(x$fpl$ffltu) for __aeabi_ui2f
    touch.o(.text) refers to fflt_clz.o(x$fpl$fflt) for __aeabi_i2f
    touch.o(.text) refers to fdiv.o(x$fpl$fdiv) for __aeabi_fdiv
    touch.o(.text) refers to faddsub_clz.o(x$fpl$fadd) for __aeabi_fadd
    touch.o(.text) refers to ffixu.o(x$fpl$ffixu) for __aeabi_f2uiz
[...]
    __rt_memclr_w                            0x08030fd1   Thumb Code    78  rt_memclr_w.o(.text)
    _memset_w                                0x08030fd5   Thumb Code     0  rt_memclr_w.o(.text)
    strncpy                                  0x0803101f   Thumb Code    86  strncpy.o(.text)
    strcmp                                   0x08031075   Thumb Code   128  strcmpv7m.o(.text)
    __use_two_region_memory                  0x080310f5   Thumb Code     2  heapauxi.o(.text)
    __rt_heap_escrow$2region                 0x080310f7   Thumb Code     2  heapauxi.o(.text)
    __rt_heap_expand$2region                 0x080310f9   Thumb Code     2  heapauxi.o(.text)
    __I$use$semihosting                      0x080310fb   Thumb Code     0  use_no_semi.o(.text)
    __use_no_semihosting_swi                 0x080310fb   Thumb Code     2  use_no_semi.o(.text)
    _printf_pre_padding                      0x080310fd   Thumb Code    44  _printf_pad.o(.text)
    _printf_post_padding                     0x08031129   Thumb Code    34  _printf_pad.o(.text)
    _printf_truncate_signed                  0x0803114b   Thumb Code    18  _printf_truncate.o(.text)
    _printf_truncate_unsigned                0x0803115d   Thumb Code    18  _printf_truncate.o(.text)
    _printf_int_common                       0x0803116f   Thumb Code   178  _printf_intcommon.o(.text)
    _printf_charcount                        0x08031221   Thumb Code    40  _printf_charcount.o(.text)
    __lib_sel_fp_printf                      0x08031249   Thumb Code     2  _printf_fp_dec.o(.text)
    _printf_fp_dec_real                      0x080313fb   Thumb Code   620  _printf_fp_dec.o(.text)
    _printf_char_common                      0x08031673   Thumb Code    32  _printf_char_common.o(.text)
    _sputc                                   0x08031699   Thumb Code    10  _sputc.o(.text)
    _snputc                                  0x080316a3   Thumb Code    16  _snputc.o(.text)
    _printf_cs_common                        0x080316b3   Thumb Code    20  _printf_char.o(.text)
    _printf_char                             0x080316c7   Thumb Code    16  _printf_char.o(.text)
    _printf_string                           0x080316d7   Thumb Code     8  _printf_char.o(.text)
    _printf_char_file                        0x080316e1   Thumb Code    32  _printf_char_file.o(.text)
    _printf_wctomb                           0x08031705   Thumb Code   182  _printf_wctomb.o(.text)
    _printf_longlong_dec                     0x080317c1   Thumb Code   108  _printf_longlong_dec.o(.text)
    _printf_longlong_oct                     0x0803183d   Thumb Code    66  _printf_oct_int_ll.o(.text)
    _printf_int_oct                          0x0803187f   Thumb Code    24  _printf_oct_int_ll.o(.text)
    _printf_ll_oct                           0x08031897   Thumb Code    12  _printf_oct_int_ll.o(.text)
    __rt_locale                              0x080318ad   Thumb Code     8  rt_locale_intlibspace.o(.text)
    _ll_udiv10                               0x080318b5   Thumb Code   138  lludiv10.o(.text)
    _printf_fp_hex_real                      0x08031941   Thumb Code   756  _printf_fp_hex.o(.text)
    _printf_fp_infnan                        0x08031c3d   Thumb Code   112  _printf_fp_infnan.o(.text)
    _printf_lcs_common                       0x08031cbd   Thumb Code    20  _printf_wchar.o(.text)
    _printf_wchar                            0x08031cd1   Thumb Code    16  _printf_wchar.o(.text)
    _printf_wstring                          0x08031ce1   Thumb Code     8  _printf_wchar.o(.text)
    _btod_etento                             0x08031ce9   Thumb Code   224  bigflt0.o(.text)
    ferror                                   0x08031dcd   Thumb Code     8  ferror.o(.text)
    _wcrtomb                                 0x08031dd5   Thumb Code    64  _wcrtomb.o(.text)
    __user_libspace                          0x08031e15   Thumb Code     8  libspace.o(.text)
    __user_perproc_libspace                  0x08031e15   Thumb Code     0  libspace.o(.text)
    __user_perthread_libspace                0x08031e15   Thumb Code     0  libspace.o(.text)
    __user_setup_stackheap                   0x08031e1d   Thumb Code    74  sys_stackheap_outer.o(.text)
    __rt_ctype_table                         0x08031e69   Thumb Code    16  rt_ctype_table.o(.text)
    exit                                     0x08031e79   Thumb Code    18  exit.o(.text)
    _btod_d2e                                0x08031e8b   Thumb Code    62  btod.o(CL$$btod_d2e)
    _d2e_denorm_low                          0x08031ec9   Thumb Code    70  btod.o(CL$$btod_d2e_denorm_low)
    _d2e_norm_op1                            0x08031f0f   Thumb Code    96  btod.o(CL$$btod_d2e_norm_op1)
    __btod_div_common                        0x08031f6f   Thumb Code   696  btod.o(CL$$btod_div_common)
    _e2e                                     0x080322a7   Thumb Code   220  btod.o(CL$$btod_e2e)
    _btod_ediv                               0x08032383   Thumb Code    42  btod.o(CL$$btod_ediv)
    _btod_emul                               0x080323ad   Thumb Code    42  btod.o(CL$$btod_emul)
    __btod_mult_common                       0x080323d7   Thumb Code   580  btod.o(CL$$btod_mult_common)
    __ARM_fpclassify                         0x0803261b   Thumb Code    40  fpclassify.o(i.__ARM_fpclassify)
    _is_digit                                0x08032643   Thumb Code    14  __printf_wp.o(i._is_digit)
    _get_lc_numeric                          0x08032651   Thumb Code    44  lc_numeric_c.o(locale$$code)
    _get_lc_ctype                            0x0803267d   Thumb Code    44  lc_ctype_c.o(locale$$code)
    __aeabi_dadd                             0x080326a9   Thumb Code     0  daddsub_clz.o(x$fpl$dadd)
    _dadd                                    0x080326a9   Thumb Code   332  daddsub_clz.o(x$fpl$dadd)
    __fpl_dcmp_Inf                           0x080327f9   Thumb Code    24  dcmpi.o(x$fpl$dcmpinf)
    __aeabi_ddiv                             0x08032811   Thumb Code     0  ddiv.o(x$fpl$ddiv)
    _ddiv                                    0x08032811   Thumb Code   552  ddiv.o(x$fpl$ddiv)
    __aeabi_d2iz                             0x08032ac1   Thumb Code     0  dfix.o(x$fpl$dfix)
    _dfix                                    0x08032ac1   Thumb Code    94  dfix.o(x$fpl$dfix)
    __aeabi_d2uiz                            0x08032b21   Thumb Code     0  dfixu.o(x$fpl$dfixu)
    _dfixu                                   0x08032b21   Thumb Code    90  dfixu.o(x$fpl$dfixu)
    __aeabi_i2d                              0x08032b7b   Thumb Code     0  dflt_clz.o(x$fpl$dflt)
    _dflt                                    0x08032b7b   Thumb Code    46  dflt_clz.o(x$fpl$dflt)
    __aeabi_ui2d                             0x08032ba9   Thumb Code     0  dflt_clz.o(x$fpl$dfltu)
    _dfltu                                   0x08032ba9   Thumb Code    38  dflt_clz.o(x$fpl$dfltu)
    __aeabi_cdcmple                          0x08032bd1   Thumb Code     0  dleqf.o(x$fpl$dleqf)
    _dcmple                                  0x08032bd1   Thumb Code   120  dleqf.o(x$fpl$dleqf)
    __fpl_dcmple_InfNaN                      0x08032c33   Thumb Code     0  dleqf.o(x$fpl$dleqf)
    __aeabi_dmul                             0x08032c49   Thumb Code     0  dmul.o(x$fpl$dmul)
    _dmul                                    0x08032c49   Thumb Code   332  dmul.o(x$fpl$dmul)
    __fpl_dnaninf                            0x08032d9d   Thumb Code   156  dnaninf.o(x$fpl$dnaninf)
    __fpl_dretinf                            0x08032e39   Thumb Code    12  dretinf.o(x$fpl$dretinf)
    __aeabi_cdrcmple                         0x08032e45   Thumb Code     0  drleqf.o(x$fpl$drleqf)
    _drcmple                                 0x08032e45   Thumb Code   108  drleqf.o(x$fpl$drleqf)
    __aeabi_drsub                            0x08032eb1   Thumb Code     0  daddsub_clz.o(x$fpl$drsb)
    _drsb                                    0x08032eb1   Thumb Code    22  daddsub_clz.o(x$fpl$drsb)
    __aeabi_dsub                             0x08032ec9   Thumb Code     0  daddsub_clz.o(x$fpl$dsub)
    _dsub                                    0x08032ec9   Thumb Code   464  daddsub_clz.o(x$fpl$dsub)
    __aeabi_f2d                              0x0803309d   Thumb Code     0  f2d.o(x$fpl$f2d)
    _f2d                                     0x0803309d   Thumb Code    86  f2d.o(x$fpl$f2d)
    __aeabi_fadd                             0x080330f5   Thumb Code     0  faddsub_clz.o(x$fpl$fadd)
    _fadd                                    0x080330f5   Thumb Code   196  faddsub_clz.o(x$fpl$fadd)
    __aeabi_fdiv                             0x080331b9   Thumb Code     0  fdiv.o(x$fpl$fdiv)
    _fdiv                                    0x080331b9   Thumb Code   384  fdiv.o(x$fpl$fdiv)
    __aeabi_f2uiz                            0x0803333d   Thumb Code     0  ffixu.o(x$fpl$ffixu)
    _ffixu                                   0x0803333d   Thumb Code    62  ffixu.o(x$fpl$ffixu)
    __aeabi_i2f                              0x0803337d   Thumb Code     0  fflt_clz.o(x$fpl$fflt)
    _fflt                                    0x0803337d   Thumb Code    48  fflt_clz.o(x$fpl$fflt)
    __aeabi_ui2f                             0x080333ad   Thumb Code     0  fflt_clz.o(x$fpl$ffltu)
    _ffltu                                   0x080333ad   Thumb Code    38  fflt_clz.o(x$fpl$ffltu)
    __fpl_fnaninf                            0x080333d3   Thumb Code   140  fnaninf.o(x$fpl$fnaninf)
    __fpl_fretinf                            0x0803345f   Thumb Code    10  fretinf.o(x$fpl$fretinf)
    __aeabi_fsub                             0x08033469   Thumb Code     0  faddsub_clz.o(x$fpl$fsub)
    _fsub                                    0x08033469   Thumb Code   234  faddsub_clz.o(x$fpl$fsub)
    _printf_fp_dec                           0x08033553   Thumb Code     4  printf1.o(x$fpl$printf1)
    _printf_fp_hex                           0x08033557   Thumb Code     4  printf2.o(x$fpl$printf2)
    __I$use$fp                               0x0803355a   Number         0  usenofp.o(x$fpl$usenofp)
    TP_REMIND_MSG_TBL                        0x0803355c   Data           4  touch.o(.constdata)
    FT5206_TPX_TBL                           0x08033560   Data          10  ft5206.o(.constdata)
    GT911_TPX_TBL                            0x0803356a   Data          10  ft5206.o(.constdata)
    GT9147_CFG_TBL                           0x08033574   Data         184  gt9147.o(.constdata)
    GT9147_TPX_TBL                           0x0803362c   Data          10  gt9147.o(.constdata)
    asc2_1206                                0x08033636   Data        1140  lcd.o(.constdata)
    asc2_1608                                0x08033aaa   Data        1520  lcd.o(.constdata)
    asc2_2412                                0x0803409a   Data        3420  lcd.o(.constdata)
    asc2_3216                                0x08034df6   Data        6080  lcd.o(.constdata)
    lv_obj_class                             0x080365b8   Data          28  lv_obj.o(.constdata)
    _lv_bpp1_opa_table                       0x080365dc   Data           2  lv_draw_sw_letter.o(.constdata)
    _lv_bpp2_opa_table                       0x080365de   Data           4  lv_draw_sw_letter.o(.constdata)
    _lv_bpp4_opa_table                       0x080365e2   Data          16  lv_draw_sw_letter.o(.constdata)
    _lv_bpp8_opa_table                       0x080365f2   Data         256  lv_draw_sw_letter.o(.constdata)
    lv_calendar_class                        0x08036734   Data          28  lv_calendar.o(.constdata)
    lv_calendar_header_arrow_class           0x08036750   Data          28  lv_calendar_header_arrow.o(.constdata)
    lv_calendar_header_dropdown_class        0x0803676c   Data          28  lv_calendar_header_dropdown.o(.constdata)
    lv_chart_class                           0x08036788   Data          28  lv_chart.o(.constdata)
    lv_colorwheel_class                      0x080367a4   Data          28  lv_colorwheel.o(.constdata)
    lv_keyboard_class                        0x080367c0   Data          28  lv_keyboard.o(.constdata)
    lv_led_class                             0x08036b54   Data          28  lv_led.o(.constdata)
    lv_list_class                            0x08036b70   Data          28  lv_list.o(.constdata)
    lv_list_btn_class                        0x08036b8c   Data          28  lv_list.o(.constdata)
    lv_list_text_class                       0x08036ba8   Data          28  lv_list.o(.constdata)
    lv_menu_class                            0x08036bc4   Data          28  lv_menu.o(.constdata)
    lv_menu_page_class                       0x08036be0   Data          28  lv_menu.o(.constdata)
    lv_menu_cont_class                       0x08036bfc   Data          28  lv_menu.o(.constdata)
    lv_menu_section_class                    0x08036c18   Data          28  lv_menu.o(.constdata)
    lv_menu_separator_class                  0x08036c34   Data          28  lv_menu.o(.constdata)
    lv_menu_sidebar_cont_class               0x08036c50   Data          28  lv_menu.o(.constdata)
    lv_menu_main_cont_class                  0x08036c6c   Data          28  lv_menu.o(.constdata)
    lv_menu_main_header_cont_class           0x08036c88   Data          28  lv_menu.o(.constdata)
    lv_menu_sidebar_header_cont_class        0x08036ca4   Data          28  lv_menu.o(.constdata)
    lv_meter_class                           0x08036cc0   Data          28  lv_meter.o(.constdata)
    lv_msgbox_class                          0x08036cdc   Data          28  lv_msgbox.o(.constdata)
    lv_msgbox_content_class                  0x08036cf8   Data          28  lv_msgbox.o(.constdata)
    lv_msgbox_backdrop_class                 0x08036d14   Data          28  lv_msgbox.o(.constdata)
    lv_spinbox_class                         0x08036d30   Data          28  lv_spinbox.o(.constdata)
    lv_spinner_class                         0x08036d4c   Data          28  lv_spinner.o(.constdata)
    lv_tabview_class                         0x08036d68   Data          28  lv_tabview.o(.constdata)
    lv_tileview_class                        0x08036d84   Data          28  lv_tileview.o(.constdata)
    lv_tileview_tile_class                   0x08036da0   Data          28  lv_tileview.o(.constdata)
    lv_win_class                             0x08036dbc   Data          28  lv_win.o(.constdata)
    lv_font_montserrat_14                    0x0803a300   Data          28  lv_font_montserrat_14.o(.constdata)
    lv_font_montserrat_16                    0x0803e118   Data          28  lv_font_montserrat_16.o(.constdata)
    lv_font_montserrat_18                    0x08042b64   Data          28  lv_font_montserrat_18.o(.constdata)
    lv_arc_class                             0x08042db4   Data          28  lv_arc.o(.constdata)
    lv_bar_class                             0x08042dd0   Data          28  lv_bar.o(.constdata)
    lv_btn_class                             0x08042dec   Data          28  lv_btn.o(.constdata)
    lv_btnmatrix_class                       0x08042e08   Data          28  lv_btnmatrix.o(.constdata)
    lv_checkbox_class                        0x08042e24   Data          28  lv_checkbox.o(.constdata)
    lv_dropdown_class                        0x08042e40   Data          28  lv_dropdown.o(.constdata)
    lv_dropdownlist_class                    0x08042e5c   Data          28  lv_dropdown.o(.constdata)
    lv_img_class                             0x08042e78   Data          28  lv_img.o(.constdata)
    lv_label_class                           0x08042e94   Data          28  lv_label.o(.constdata)
    lv_line_class                            0x08042eb0   Data          28  lv_line.o(.constdata)
    lv_roller_class                          0x08042ecc   Data          28  lv_roller.o(.constdata)
    lv_roller_label_class                    0x08042ee8   Data          28  lv_roller.o(.constdata)
    lv_slider_class                          0x08042f04   Data          28  lv_slider.o(.constdata)
    lv_switch_class                          0x08042f20   Data          28  lv_switch.o(.constdata)
    lv_table_class                           0x08042f3c   Data          28  lv_table.o(.constdata)
    lv_textarea_class                        0x08042f58   Data          28  lv_textarea.o(.constdata)
    Region$$Table$$Base                      0x08043930   Number         0  anon$$obj.o(Region$$Table)
    Region$$Table$$Limit                     0x08043950   Number         0  anon$$obj.o(Region$$Table)
    __ctype                                  0x08043979   Data           0  lc_ctype_c.o(locale$$data)
    lim_value                                0x20000054   Data           8  main.o(.data)
    SystemCoreClock                          0x2000005c   Data           4  system_stm32f10x.o(.data)
    AHBPrescTable                            0x20000060   Data          16  system_stm32f10x.o(.data)
    tp_dev                                   0x20000074   Data          72  touch.o(.data)
    g_gt_tnum                                0x200000bc   Data           1  ft5206.o(.data)
    CIP                                      0x200000be   Data           5  ft5206.o(.data)
    g_back_color                             0x200000c4   Data           4  lcd.o(.data)
    g_tpad_default_val                       0x200000ca   Data           2  tpad.o(.data)
    USART_RX_STA                             0x200000d0   Data           2  usart.o(.data)
    __stdout                                 0x200000d4   Data           4  usart.o(.data)
    indev_touchpad                           0x200000f0   Data           4  lv_port_indev_template.o(.data)
    LV_STYLE_FLEX_FLOW                       0x2000013c   Data           2  lv_flex.o(.data)
    LV_STYLE_FLEX_MAIN_PLACE                 0x2000013e   Data           2  lv_flex.o(.data)
    LV_STYLE_FLEX_CROSS_PLACE                0x20000140   Data           2  lv_flex.o(.data)
    LV_STYLE_FLEX_TRACK_PLACE                0x20000142   Data           2  lv_flex.o(.data)
    LV_STYLE_FLEX_GROW                       0x20000144   Data           2  lv_flex.o(.data)
    LV_LAYOUT_FLEX                           0x20000148   Data           4  lv_flex.o(.data)
    LV_STYLE_GRID_COLUMN_DSC_ARRAY           0x2000014c   Data           2  lv_grid.o(.data)
    LV_STYLE_GRID_COLUMN_ALIGN               0x2000014e   Data           2  lv_grid.o(.data)
    LV_STYLE_GRID_ROW_DSC_ARRAY              0x20000150   Data           2  lv_grid.o(.data)
    LV_STYLE_GRID_ROW_ALIGN                  0x20000152   Data           2  lv_grid.o(.data)
    LV_STYLE_GRID_CELL_COLUMN_POS            0x20000154   Data           2  lv_grid.o(.data)
    LV_STYLE_GRID_CELL_COLUMN_SPAN           0x20000156   Data           2  lv_grid.o(.data)
    LV_STYLE_GRID_CELL_X_ALIGN               0x20000158   Data           2  lv_grid.o(.data)
    LV_STYLE_GRID_CELL_ROW_POS               0x2000015a   Data           2  lv_grid.o(.data)
    LV_STYLE_GRID_CELL_ROW_SPAN              0x2000015c   Data           2  lv_grid.o(.data)
    LV_STYLE_GRID_CELL_Y_ALIGN               0x2000015e   Data           2  lv_grid.o(.data)
    LV_LAYOUT_GRID                           0x20000160   Data           4  lv_grid.o(.data)
    _lv_layout_list                          0x20000280   Data           4  lv_gc.o(.data)
    _lv_timer_act                            0x20000284   Data           4  lv_gc.o(.data)
    _lv_theme_default_styles                 0x20000288   Data           4  lv_gc.o(.data)
    _lv_theme_basic_styles                   0x2000028c   Data           4  lv_gc.o(.data)
    _lv_grad_cache_mem                       0x20000290   Data           4  lv_gc.o(.data)
    _lv_txt_encoded_size                     0x200002b8   Data           4  lv_txt.o(.data)
    _lv_txt_encoded_next                     0x200002bc   Data           4  lv_txt.o(.data)
    _lv_txt_encoded_get_byte_id              0x200002c0   Data           4  lv_txt.o(.data)
    _lv_txt_unicode_to_encoded               0x200002c4   Data           4  lv_txt.o(.data)
    _lv_txt_encoded_prev                     0x200002c8   Data           4  lv_txt.o(.data)
    _lv_txt_encoded_get_char_id              0x200002cc   Data           4  lv_txt.o(.data)
    _lv_txt_get_encoded_length               0x200002d0   Data           4  lv_txt.o(.data)
    lcddev                                   0x200002f4   Data          14  lcd.o(.bss)
    USART_RX_BUF                             0x200003c4   Data         200  usart.o(.bss)
    _lv_timer_ll                             0x20001f60   Data          12  lv_gc.o(.bss)
    _lv_disp_ll                              0x20001f6c   Data          12  lv_gc.o(.bss)
    _lv_indev_ll                             0x20001f78   Data          12  lv_gc.o(.bss)
    _lv_fsdrv_ll                             0x20001f84   Data          12  lv_gc.o(.bss)
    _lv_anim_ll                              0x20001f90   Data          12  lv_gc.o(.bss)
    _lv_group_ll                             0x20001f9c   Data          12  lv_gc.o(.bss)
    _lv_img_decoder_ll                       0x20001fa8   Data          12  lv_gc.o(.bss)
    _lv_obj_style_trans_ll                   0x20001fb4   Data          12  lv_gc.o(.bss)
    _lv_img_cache_single                     0x20001fc0   Data          44  lv_gc.o(.bss)
    lv_mem_buf                               0x20001fec   Data         128  lv_gc.o(.bss)
    _lv_circle_cache                         0x2000206c   Data         112  lv_gc.o(.bss)
    _lv_draw_mask_list                       0x200020dc   Data         128  lv_gc.o(.bss)
    __libspace_start                         0x2000e15c   Data          96  libspace.o(.bss)
    __temporary_stack_top$libspace           0x2000e1bc   Data           0  libspace.o(.bss)



==============================================================================

Memory Map of the image

  Image Entry point : 0x08000131

  Load Region LR_IROM1 (Base: 0x08000000, Size: 0x00043d70, Max: 0x00080000, ABSOLUTE, COMPRESSED[0x00043b68])

    Execution Region ER_IROM1 (Exec base: 0x08000000, Load base: 0x08000000, Size: 0x00043a7c, Max: 0x00080000, ABSOLUTE)

    Exec Addr    Load Addr    Size         Type   Attr      Idx    E Section Name        Object

    0x08000000   0x08000000   0x00000130   Data   RO         1490    RESET               startup_stm32f10x_hd.o
    0x08000130   0x08000130   0x00000008   Code   RO        22111  * !!!main             c_w.l(__main.o)
    0x08000138   0x08000138   0x00000034   Code   RO        22466    !!!scatter          c_w.l(__scatter.o)
    0x0800016c   0x0800016c   0x0000005a   Code   RO        22464    !!dczerorl2         c_w.l(__dczerorl2.o)
    0x080001c6   0x080001c6   0x00000002   PAD
    0x080001c8   0x080001c8   0x0000001c   Code   RO        22468    !!handler_zi        c_w.l(__scatter_zi.o)
    0x080001e4   0x080001e4   0x00000000   Code   RO        22080    .ARM.Collect$$_printf_percent$$00000000  c_w.l(_printf_percent.o)
    0x080001e4   0x080001e4   0x00000006   Code   RO        22206    .ARM.Collect$$_printf_percent$$00000001  c_w.l(_printf_n.o)
    0x080001ea   0x080001ea   0x00000006   Code   RO        22207    .ARM.Collect$$_printf_percent$$00000002  c_w.l(_printf_p.o)
    0x080001f0   0x080001f0   0x00000006   Code   RO        22079    .ARM.Collect$$_printf_percent$$00000003  c_w.l(_printf_f.o)
    0x080001f6   0x080001f6   0x00000006   Code   RO        22211    .ARM.Collect$$_printf_percent$$00000004  c_w.l(_printf_e.o)
    0x080001fc   0x080001fc   0x00000006   Code   RO        22212    .ARM.Collect$$_printf_percent$$00000005  c_w.l(_printf_g.o)
    0x08000202   0x08000202   0x00000006   Code   RO        22213    .ARM.Collect$$_printf_percent$$00000006  c_w.l(_printf_a.o)
    0x08000208   0x08000208   0x0000000a   Code   RO        22218    .ARM.Collect$$_printf_percent$$00000007  c_w.l(_printf_ll.o)
    0x08000212   0x08000212   0x00000006   Code   RO        22209    .ARM.Collect$$_printf_percent$$00000008  c_w.l(_printf_i.o)
    0x08000218   0x08000218   0x00000006   Code   RO        22078    .ARM.Collect$$_printf_percent$$00000009  c_w.l(_printf_d.o)
    0x0800021e   0x0800021e   0x00000006   Code   RO        22210    .ARM.Collect$$_printf_percent$$0000000A  c_w.l(_printf_u.o)
    0x08000224   0x08000224   0x00000006   Code   RO        22208    .ARM.Collect$$_printf_percent$$0000000B  c_w.l(_printf_o.o)
    0x0800022a   0x0800022a   0x00000006   Code   RO        22077    .ARM.Collect$$_printf_percent$$0000000C  c_w.l(_printf_x.o)
    0x08000230   0x08000230   0x00000006   Code   RO        22215    .ARM.Collect$$_printf_percent$$0000000D  c_w.l(_printf_lli.o)
    0x08000236   0x08000236   0x00000006   Code   RO        22216    .ARM.Collect$$_printf_percent$$0000000E  c_w.l(_printf_lld.o)
    0x0800023c   0x0800023c   0x00000006   Code   RO        22217    .ARM.Collect$$_printf_percent$$0000000F  c_w.l(_printf_llu.o)
    0x08000242   0x08000242   0x00000006   Code   RO        22222    .ARM.Collect$$_printf_percent$$00000010  c_w.l(_printf_llo.o)
    0x08000248   0x08000248   0x00000006   Code   RO        22223    .ARM.Collect$$_printf_percent$$00000011  c_w.l(_printf_llx.o)
    0x0800024e   0x0800024e   0x0000000a   Code   RO        22219    .ARM.Collect$$_printf_percent$$00000012  c_w.l(_printf_l.o)
    0x08000258   0x08000258   0x00000006   Code   RO        22205    .ARM.Collect$$_printf_percent$$00000013  c_w.l(_printf_c.o)
    0x0800025e   0x0800025e   0x00000006   Code   RO        22076    .ARM.Collect$$_printf_percent$$00000014  c_w.l(_printf_s.o)
    0x08000264   0x08000264   0x00000006   Code   RO        22220    .ARM.Collect$$_printf_percent$$00000015  c_w.l(_printf_lc.o)
    0x0800026a   0x0800026a   0x00000006   Code   RO        22221    .ARM.Collect$$_printf_percent$$00000016  c_w.l(_printf_ls.o)
    0x08000270   0x08000270   0x00000004   Code   RO        22214    .ARM.Collect$$_printf_percent$$00000017  c_w.l(_printf_percent_end.o)
    0x08000274   0x08000274   0x00000002   Code   RO        22346    .ARM.Collect$$libinit$$00000000  c_w.l(libinit.o)
    0x08000276   0x08000276   0x00000000   Code   RO        22348    .ARM.Collect$$libinit$$00000002  c_w.l(libinit2.o)
    0x08000276   0x08000276   0x00000000   Code   RO        22350    .ARM.Collect$$libinit$$00000004  c_w.l(libinit2.o)
    0x08000276   0x08000276   0x00000000   Code   RO        22353    .ARM.Collect$$libinit$$0000000A  c_w.l(libinit2.o)
    0x08000276   0x08000276   0x00000000   Code   RO        22355    .ARM.Collect$$libinit$$0000000C  c_w.l(libinit2.o)
    0x08000276   0x08000276   0x00000000   Code   RO        22357    .ARM.Collect$$libinit$$0000000E  c_w.l(libinit2.o)
    0x08000276   0x08000276   0x00000006   Code   RO        22358    .ARM.Collect$$libinit$$0000000F  c_w.l(libinit2.o)
    0x0800027c   0x0800027c   0x00000000   Code   RO        22360    .ARM.Collect$$libinit$$00000011  c_w.l(libinit2.o)
    0x0800027c   0x0800027c   0x0000000c   Code   RO        22361    .ARM.Collect$$libinit$$00000012  c_w.l(libinit2.o)
    0x08000288   0x08000288   0x00000000   Code   RO        22362    .ARM.Collect$$libinit$$00000013  c_w.l(libinit2.o)
    0x08000288   0x08000288   0x00000000   Code   RO        22364    .ARM.Collect$$libinit$$00000015  c_w.l(libinit2.o)
    0x08000288   0x08000288   0x0000000a   Code   RO        22365    .ARM.Collect$$libinit$$00000016  c_w.l(libinit2.o)
    0x08000292   0x08000292   0x00000000   Code   RO        22366    .ARM.Collect$$libinit$$00000017  c_w.l(libinit2.o)
    0x08000292   0x08000292   0x00000000   Code   RO        22368    .ARM.Collect$$libinit$$00000019  c_w.l(libinit2.o)
    0x08000292   0x08000292   0x00000000   Code   RO        22370    .ARM.Collect$$libinit$$0000001B  c_w.l(libinit2.o)
    0x08000292   0x08000292   0x00000000   Code   RO        22372    .ARM.Collect$$libinit$$0000001D  c_w.l(libinit2.o)
    0x08000292   0x08000292   0x00000000   Code   RO        22374    .ARM.Collect$$libinit$$0000001F  c_w.l(libinit2.o)
    0x08000292   0x08000292   0x00000000   Code   RO        22376    .ARM.Collect$$libinit$$00000021  c_w.l(libinit2.o)
    0x08000292   0x08000292   0x00000000   Code   RO        22378    .ARM.Collect$$libinit$$00000023  c_w.l(libinit2.o)
    0x08000292   0x08000292   0x00000000   Code   RO        22380    .ARM.Collect$$libinit$$00000025  c_w.l(libinit2.o)
    0x08000292   0x08000292   0x00000000   Code   RO        22384    .ARM.Collect$$libinit$$0000002C  c_w.l(libinit2.o)
    0x08000292   0x08000292   0x00000000   Code   RO        22386    .ARM.Collect$$libinit$$0000002E  c_w.l(libinit2.o)
    0x08000292   0x08000292   0x00000000   Code   RO        22388    .ARM.Collect$$libinit$$00000030  c_w.l(libinit2.o)
    0x08000292   0x08000292   0x00000000   Code   RO        22390    .ARM.Collect$$libinit$$00000032  c_w.l(libinit2.o)
    0x08000292   0x08000292   0x00000002   Code   RO        22391    .ARM.Collect$$libinit$$00000033  c_w.l(libinit2.o)
    0x08000294   0x08000294   0x00000002   Code   RO        22443    .ARM.Collect$$libshutdown$$00000000  c_w.l(libshutdown.o)
    0x08000296   0x08000296   0x00000000   Code   RO        22445    .ARM.Collect$$libshutdown$$00000002  c_w.l(libshutdown2.o)
    0x08000296   0x08000296   0x00000000   Code   RO        22447    .ARM.Collect$$libshutdown$$00000004  c_w.l(libshutdown2.o)
    0x08000296   0x08000296   0x00000000   Code   RO        22449    .ARM.Collect$$libshutdown$$00000006  c_w.l(libshutdown2.o)
    0x08000296   0x08000296   0x00000000   Code   RO        22452    .ARM.Collect$$libshutdown$$00000009  c_w.l(libshutdown2.o)
    0x08000296   0x08000296   0x00000000   Code   RO        22455    .ARM.Collect$$libshutdown$$0000000C  c_w.l(libshutdown2.o)
    0x08000296   0x08000296   0x00000000   Code   RO        22457    .ARM.Collect$$libshutdown$$0000000E  c_w.l(libshutdown2.o)
    0x08000296   0x08000296   0x00000000   Code   RO        22460    .ARM.Collect$$libshutdown$$00000011  c_w.l(libshutdown2.o)
    0x08000296   0x08000296   0x00000002   Code   RO        22461    .ARM.Collect$$libshutdown$$00000012  c_w.l(libshutdown2.o)
    0x08000298   0x08000298   0x00000000   Code   RO        22169    .ARM.Collect$$rtentry$$00000000  c_w.l(__rtentry.o)
    0x08000298   0x08000298   0x00000000   Code   RO        22248    .ARM.Collect$$rtentry$$00000002  c_w.l(__rtentry2.o)
    0x08000298   0x08000298   0x00000006   Code   RO        22260    .ARM.Collect$$rtentry$$00000004  c_w.l(__rtentry4.o)
    0x0800029e   0x0800029e   0x00000000   Code   RO        22250    .ARM.Collect$$rtentry$$00000009  c_w.l(__rtentry2.o)
    0x0800029e   0x0800029e   0x00000004   Code   RO        22251    .ARM.Collect$$rtentry$$0000000A  c_w.l(__rtentry2.o)
    0x080002a2   0x080002a2   0x00000000   Code   RO        22253    .ARM.Collect$$rtentry$$0000000C  c_w.l(__rtentry2.o)
    0x080002a2   0x080002a2   0x00000008   Code   RO        22254    .ARM.Collect$$rtentry$$0000000D  c_w.l(__rtentry2.o)
    0x080002aa   0x080002aa   0x00000002   Code   RO        22394    .ARM.Collect$$rtexit$$00000000  c_w.l(rtexit.o)
    0x080002ac   0x080002ac   0x00000000   Code   RO        22409    .ARM.Collect$$rtexit$$00000002  c_w.l(rtexit2.o)
    0x080002ac   0x080002ac   0x00000004   Code   RO        22410    .ARM.Collect$$rtexit$$00000003  c_w.l(rtexit2.o)
    0x080002b0   0x080002b0   0x00000006   Code   RO        22411    .ARM.Collect$$rtexit$$00000004  c_w.l(rtexit2.o)
    0x080002b6   0x080002b6   0x00000002   PAD
    0x080002b8   0x080002b8   0x00000020   Code   RO         1478    .emb_text           core_cm3.o
    0x080002d8   0x080002d8   0x00001544   Code   RO            1    .text               main.o
    0x0800181c   0x0800181c   0x00000012   Code   RO          598    .text               stm32f10x_it.o
    0x0800182e   0x0800182e   0x00000002   PAD
    0x08001830   0x08001830   0x00000154   Code   RO          639    .text               system_stm32f10x.o
    0x08001984   0x08001984   0x00000050   Code   RO          657    .text               led.o
    0x080019d4   0x080019d4   0x000000dc   Code   RO          669    .text               key.o
    0x08001ab0   0x08001ab0   0x0000022c   Code   RO          682    .text               myiic.o
    0x08001cdc   0x08001cdc   0x0000013e   Code   RO          694    .text               24cxx.o
    0x08001e1a   0x08001e1a   0x00000002   PAD
    0x08001e1c   0x08001e1c   0x0000092c   Code   RO          745    .text               touch.o
    0x08002748   0x08002748   0x0000026c   Code   RO          769    .text               ctiic.o
    0x080029b4   0x080029b4   0x00000424   Code   RO          805    .text               ft5206.o
    0x08002dd8   0x08002dd8   0x00000398   Code   RO          824    .text               gt9147.o
    0x08003170   0x08003170   0x00000084   Code   RO          840    .text               timer.o
    0x080031f4   0x080031f4   0x000002e0   Code   RO         1241    .text               adc.o
    0x080034d4   0x080034d4   0x0000019c   Code   RO         1269    .text               dht11.o
    0x08003670   0x08003670   0x00000068   Code   RO         1282    .text               lsens.o
    0x080036d8   0x080036d8   0x00003714   Code   RO         1294    .text               lcd.o
    0x08006dec   0x08006dec   0x00000224   Code   RO         1326    .text               tpad.o
    0x08007010   0x08007010   0x0000007c   Code   RO         1344    .text               ts.o
    0x0800708c   0x0800708c   0x00000388   Code   RO         1360    .text               atk_mw8266d.o
    0x08007414   0x08007414   0x000001b0   Code   RO         1380    .text               atk_mw8266d_uart.o
    0x080075c4   0x080075c4   0x00000064   Code   RO         1398    .text               bump.o
    0x08007628   0x08007628   0x00000098   Code   RO         1410    .text               delay.o
    0x080076c0   0x080076c0   0x00000340   Code   RO         1425    .text               sys.o
    0x08007a00   0x08007a00   0x00000114   Code   RO         1442    .text               usart.o
    0x08007b14   0x08007b14   0x00000098   Code   RO         1466    .text               adcx.o
    0x08007bac   0x08007bac   0x00000040   Code   RO         1491    .text               startup_stm32f10x_hd.o
    0x08007bec   0x08007bec   0x000000b0   Code   RO         1495    .text               misc.o
    0x08007c9c   0x08007c9c   0x0000026c   Code   RO         1519    .text               stm32f10x_gpio.o
    0x08007f08   0x08007f08   0x000002b4   Code   RO         1531    .text               stm32f10x_rcc.o
    0x080081bc   0x080081bc   0x00000328   Code   RO         1557    .text               stm32f10x_usart.o
    0x080084e4   0x080084e4   0x00000af4   Code   RO         1569    .text               stm32f10x_tim.o
    0x08008fd8   0x08008fd8   0x00000330   Code   RO         1582    .text               stm32f10x_adc.o
    0x08009308   0x08009308   0x00000070   Code   RO         1594    .text               lv_port_disp_template.o
    0x08009378   0x08009378   0x00000064   Code   RO         1841    .text               lv_port_indev_template.o
    0x080093dc   0x080093dc   0x00000494   Code   RO         1857    .text               lv_disp.o
    0x08009870   0x08009870   0x0000051c   Code   RO         2022    .text               lv_event.o
    0x08009d8c   0x08009d8c   0x00000524   Code   RO         2165    .text               lv_group.o
    0x0800a2b0   0x0800a2b0   0x00000cd0   Code   RO         2321    .text               lv_indev.o
    0x0800af80   0x0800af80   0x00000ae2   Code   RO         2380    .text               lv_indev_scroll.o
    0x0800ba62   0x0800ba62   0x00000002   PAD
    0x0800ba64   0x0800ba64   0x00000d8c   Code   RO         2425    .text               lv_obj.o
    0x0800c7f0   0x0800c7f0   0x000001c8   Code   RO         2533    .text               lv_obj_class.o
    0x0800c9b8   0x0800c9b8   0x0000070c   Code   RO         2545    .text               lv_obj_draw.o
    0x0800d0c4   0x0800d0c4   0x000013ae   Code   RO         2692    .text               lv_obj_pos.o
    0x0800e472   0x0800e472   0x00000002   PAD
    0x0800e474   0x0800e474   0x0000107c   Code   RO         2794    .text               lv_obj_scroll.o
    0x0800f4f0   0x0800f4f0   0x00000de8   Code   RO         2898    .text               lv_obj_style.o
    0x080102d8   0x080102d8   0x00000510   Code   RO         3000    .text               lv_obj_style_gen.o
    0x080107e8   0x080107e8   0x0000050a   Code   RO         3014    .text               lv_obj_tree.o
    0x08010cf2   0x08010cf2   0x00000002   PAD
    0x08010cf4   0x08010cf4   0x00000bf8   Code   RO         3091    .text               lv_refr.o
    0x080118ec   0x080118ec   0x000000d4   Code   RO         3194    .text               lv_theme.o
    0x080119c0   0x080119c0   0x00000060   Code   RO         3590    .text               lv_draw_sw.o
    0x08011a20   0x08011a20   0x00000a66   Code   RO         3724    .text               lv_draw_sw_arc.o
    0x08012486   0x08012486   0x00000002   PAD
    0x08012488   0x08012488   0x00000d48   Code   RO         3828    .text               lv_draw_sw_blend.o
    0x080131d0   0x080131d0   0x000003f4   Code   RO         3965    .text               lv_draw_sw_gradient.o
    0x080135c4   0x080135c4   0x000004d8   Code   RO         4017    .text               lv_draw_sw_img.o
    0x08013a9c   0x08013a9c   0x00000368   Code   RO         4114    .text               lv_draw_sw_letter.o
    0x08013e04   0x08013e04   0x000007c4   Code   RO         4214    .text               lv_draw_sw_line.o
    0x080145c8   0x080145c8   0x00000284   Code   RO         4302    .text               lv_draw_sw_polygon.o
    0x0801484c   0x0801484c   0x00001ba6   Code   RO         4321    .text               lv_draw_sw_rect.o
    0x080163f2   0x080163f2   0x00000002   Code   RO         4369    .text               lv_draw.o
    0x080163f4   0x080163f4   0x000003e2   Code   RO         4503    .text               lv_draw_arc.o
    0x080167d6   0x080167d6   0x00000002   PAD
    0x080167d8   0x080167d8   0x00000364   Code   RO         4554    .text               lv_draw_img.o
    0x08016b3c   0x08016b3c   0x0000061e   Code   RO         4670    .text               lv_draw_label.o
    0x0801715a   0x0801715a   0x00000058   Code   RO         4768    .text               lv_draw_line.o
    0x080171b2   0x080171b2   0x00000002   PAD
    0x080171b4   0x080171b4   0x000014a8   Code   RO         4923    .text               lv_draw_mask.o
    0x0801865c   0x0801865c   0x000000f4   Code   RO         4989    .text               lv_draw_rect.o
    0x08018750   0x08018750   0x00000c44   Code   RO         5059    .text               lv_img_buf.o
    0x08019394   0x08019394   0x00000058   Code   RO         5099    .text               lv_img_cache.o
    0x080193ec   0x080193ec   0x000007c8   Code   RO         5142    .text               lv_img_decoder.o
    0x08019bb4   0x08019bb4   0x00000b20   Code   RO         5206    .text               lv_flex.o
    0x0801a6d4   0x0801a6d4   0x00000af8   Code   RO         5375    .text               lv_grid.o
    0x0801b1cc   0x0801b1cc   0x00002540   Code   RO        10437    .text               lv_theme_default.o
    0x0801d70c   0x0801d70c   0x000004e4   Code   RO        11641    .text               lv_calendar.o
    0x0801dbf0   0x0801dbf0   0x000001bc   Code   RO        12041    .text               lv_calendar_header_arrow.o
    0x0801ddac   0x0801ddac   0x0000015c   Code   RO        12224    .text               lv_calendar_header_dropdown.o
    0x0801df08   0x0801df08   0x00002068   Code   RO        12340    .text               lv_chart.o
    0x0801ff70   0x0801ff70   0x00000a6a   Code   RO        12738    .text               lv_colorwheel.o
    0x080209da   0x080209da   0x00000002   PAD
    0x080209dc   0x080209dc   0x0000037c   Code   RO        13534    .text               lv_keyboard.o
    0x08020d58   0x08020d58   0x0000032c   Code   RO        13720    .text               lv_led.o
    0x08021084   0x08021084   0x00000790   Code   RO        14301    .text               lv_menu.o
    0x08021814   0x08021814   0x00000cec   Code   RO        14479    .text               lv_meter.o
    0x08022500   0x08022500   0x000004a4   Code   RO        15672    .text               lv_spinbox.o
    0x080229a4   0x080229a4   0x000000a8   Code   RO        16070    .text               lv_spinner.o
    0x08022a4c   0x08022a4c   0x0000042e   Code   RO        16468    .text               lv_tabview.o
    0x08022e7a   0x08022e7a   0x00000002   PAD
    0x08022e7c   0x08022e7c   0x00000220   Code   RO        16867    .text               lv_tileview.o
    0x0802309c   0x0802309c   0x00000100   Code   RO        17030    .text               lv_win.o
    0x0802319c   0x0802319c   0x0000000e   Code   RO        17429    .text               lv_extra.o
    0x080231aa   0x080231aa   0x00000060   Code   RO        17824    .text               lv_font.o
    0x0802320a   0x0802320a   0x00000002   PAD
    0x0802320c   0x0802320c   0x000002b4   Code   RO        18256    .text               lv_font_fmt_txt.o
    0x080234c0   0x080234c0   0x0000080c   Code   RO        19772    .text               lv_hal_disp.o
    0x08023ccc   0x08023ccc   0x0000013c   Code   RO        19955    .text               lv_hal_indev.o
    0x08023e08   0x08023e08   0x00000030   Code   RO        20114    .text               lv_hal_tick.o
    0x08023e38   0x08023e38   0x000004dc   Code   RO        20135    .text               lv_anim.o
    0x08024314   0x08024314   0x0000064e   Code   RO        20229    .text               lv_area.o
    0x08024962   0x08024962   0x00000002   PAD
    0x08024964   0x08024964   0x0000004c   Code   RO        20245    .text               lv_async.o
    0x080249b0   0x080249b0   0x00000388   Code   RO        20289    .text               lv_color.o
    0x08024d38   0x08024d38   0x000004c4   Code   RO        20306    .text               lv_fs.o
    0x080251fc   0x080251fc   0x000000b8   Code   RO        20347    .text               lv_gc.o
    0x080252b4   0x080252b4   0x000002a4   Code   RO        20372    .text               lv_ll.o
    0x08025558   0x08025558   0x000001d4   Code   RO        20406    .text               lv_math.o
    0x0802572c   0x0802572c   0x00000450   Code   RO        20421    .text               lv_mem.o
    0x08025b7c   0x08025b7c   0x000006f4   Code   RO        20440    .text               lv_printf.o
    0x08026270   0x08026270   0x0000039c   Code   RO        20452    .text               lv_style.o
    0x0802660c   0x0802660c   0x0000045a   Code   RO        20488    .text               lv_style_gen.o
    0x08026a66   0x08026a66   0x00000002   PAD
    0x08026a68   0x08026a68   0x00000214   Code   RO        20511    .text               lv_timer.o
    0x08026c7c   0x08026c7c   0x000007da   Code   RO        20526    .text               lv_tlsf.o
    0x08027456   0x08027456   0x00000002   PAD
    0x08027458   0x08027458   0x000006cc   Code   RO        20539    .text               lv_txt.o
    0x08027b24   0x08027b24   0x0000004c   Code   RO        20640    .text               lv_utils.o
    0x08027b70   0x08027b70   0x00000c46   Code   RO        20655    .text               lv_arc.o
    0x080287b6   0x080287b6   0x00000002   PAD
    0x080287b8   0x080287b8   0x0000087c   Code   RO        20820    .text               lv_bar.o
    0x08029034   0x08029034   0x00000034   Code   RO        20926    .text               lv_btn.o
    0x08029068   0x08029068   0x00000f94   Code   RO        20950    .text               lv_btnmatrix.o
    0x08029ffc   0x08029ffc   0x000003f0   Code   RO        21139    .text               lv_checkbox.o
    0x0802a3ec   0x0802a3ec   0x00000df8   Code   RO        21233    .text               lv_dropdown.o
    0x0802b1e4   0x0802b1e4   0x00000c7c   Code   RO        21332    .text               lv_img.o
    0x0802be60   0x0802be60   0x00001124   Code   RO        21426    .text               lv_label.o
    0x0802cf84   0x0802cf84   0x000001e0   Code   RO        21527    .text               lv_line.o
    0x0802d164   0x0802d164   0x00000a74   Code   RO        21552    .text               lv_roller.o
    0x0802dbd8   0x0802dbd8   0x000007de   Code   RO        21634    .text               lv_slider.o
    0x0802e3b6   0x0802e3b6   0x00000002   PAD
    0x0802e3b8   0x0802e3b8   0x00000348   Code   RO        21707    .text               lv_switch.o
    0x0802e700   0x0802e700   0x00000e58   Code   RO        21789    .text               lv_table.o
    0x0802f558   0x0802f558   0x0000114c   Code   RO        21890    .text               lv_textarea.o
    0x080306a4   0x080306a4   0x000002c0   Code   RO        21993    .text               wifi.o
    0x08030964   0x08030964   0x00000002   Code   RO        22011    .text               c_w.l(use_no_semi_2.o)
    0x08030966   0x08030966   0x000000ee   Code   RO        22013    .text               c_w.l(lludivv7m.o)
    0x08030a54   0x08030a54   0x00000024   Code   RO        22015    .text               c_w.l(vsprintf.o)
    0x08030a78   0x08030a78   0x00000018   Code   RO        22017    .text               c_w.l(__2printf.o)
    0x08030a90   0x08030a90   0x0000002c   Code   RO        22019    .text               c_w.l(__2sprintf.o)
    0x08030abc   0x08030abc   0x00000038   Code   RO        22021    .text               c_w.l(__2snprintf.o)
    0x08030af4   0x08030af4   0x00000052   Code   RO        22031    .text               c_w.l(_printf_str.o)
    0x08030b46   0x08030b46   0x00000002   PAD
    0x08030b48   0x08030b48   0x00000078   Code   RO        22033    .text               c_w.l(_printf_dec.o)
    0x08030bc0   0x08030bc0   0x00000094   Code   RO        22053    .text               c_w.l(_printf_hex_int_ll_ptr.o)
    0x08030c54   0x08030c54   0x00000188   Code   RO        22073    .text               c_w.l(__printf_flags_ss_wp.o)
    0x08030ddc   0x08030ddc   0x00000024   Code   RO        22085    .text               c_w.l(strstr.o)
    0x08030e00   0x08030e00   0x00000048   Code   RO        22089    .text               c_w.l(strcpy.o)
    0x08030e48   0x08030e48   0x0000003e   Code   RO        22091    .text               c_w.l(strlen.o)
    0x08030e86   0x08030e86   0x00000018   Code   RO        22093    .text               c_w.l(strcat.o)
    0x08030e9e   0x08030e9e   0x0000008a   Code   RO        22095    .text               c_w.l(rt_memcpy_v6.o)
    0x08030f28   0x08030f28   0x00000064   Code   RO        22099    .text               c_w.l(rt_memcpy_w.o)
    0x08030f8c   0x08030f8c   0x00000044   Code   RO        22101    .text               c_w.l(rt_memclr.o)
    0x08030fd0   0x08030fd0   0x0000004e   Code   RO        22103    .text               c_w.l(rt_memclr_w.o)
    0x0803101e   0x0803101e   0x00000056   Code   RO        22105    .text               c_w.l(strncpy.o)
    0x08031074   0x08031074   0x00000080   Code   RO        22107    .text               c_w.l(strcmpv7m.o)
    0x080310f4   0x080310f4   0x00000006   Code   RO        22109    .text               c_w.l(heapauxi.o)
    0x080310fa   0x080310fa   0x00000002   Code   RO        22167    .text               c_w.l(use_no_semi.o)
    0x080310fc   0x080310fc   0x0000004e   Code   RO        22174    .text               c_w.l(_printf_pad.o)
    0x0803114a   0x0803114a   0x00000024   Code   RO        22176    .text               c_w.l(_printf_truncate.o)
    0x0803116e   0x0803116e   0x000000b2   Code   RO        22178    .text               c_w.l(_printf_intcommon.o)
    0x08031220   0x08031220   0x00000028   Code   RO        22180    .text               c_w.l(_printf_charcount.o)
    0x08031248   0x08031248   0x0000041e   Code   RO        22182    .text               c_w.l(_printf_fp_dec.o)
    0x08031666   0x08031666   0x00000002   PAD
    0x08031668   0x08031668   0x00000030   Code   RO        22184    .text               c_w.l(_printf_char_common.o)
    0x08031698   0x08031698   0x0000000a   Code   RO        22186    .text               c_w.l(_sputc.o)
    0x080316a2   0x080316a2   0x00000010   Code   RO        22188    .text               c_w.l(_snputc.o)
    0x080316b2   0x080316b2   0x0000002c   Code   RO        22190    .text               c_w.l(_printf_char.o)
    0x080316de   0x080316de   0x00000002   PAD
    0x080316e0   0x080316e0   0x00000024   Code   RO        22192    .text               c_w.l(_printf_char_file.o)
    0x08031704   0x08031704   0x000000bc   Code   RO        22194    .text               c_w.l(_printf_wctomb.o)
    0x080317c0   0x080317c0   0x0000007c   Code   RO        22197    .text               c_w.l(_printf_longlong_dec.o)
    0x0803183c   0x0803183c   0x00000070   Code   RO        22203    .text               c_w.l(_printf_oct_int_ll.o)
    0x080318ac   0x080318ac   0x00000008   Code   RO        22269    .text               c_w.l(rt_locale_intlibspace.o)
    0x080318b4   0x080318b4   0x0000008a   Code   RO        22271    .text               c_w.l(lludiv10.o)
    0x0803193e   0x0803193e   0x00000002   PAD
    0x08031940   0x08031940   0x000002fc   Code   RO        22273    .text               c_w.l(_printf_fp_hex.o)
    0x08031c3c   0x08031c3c   0x00000080   Code   RO        22276    .text               c_w.l(_printf_fp_infnan.o)
    0x08031cbc   0x08031cbc   0x0000002c   Code   RO        22280    .text               c_w.l(_printf_wchar.o)
    0x08031ce8   0x08031ce8   0x000000e4   Code   RO        22282    .text               c_w.l(bigflt0.o)
    0x08031dcc   0x08031dcc   0x00000008   Code   RO        22307    .text               c_w.l(ferror.o)
    0x08031dd4   0x08031dd4   0x00000040   Code   RO        22311    .text               c_w.l(_wcrtomb.o)
    0x08031e14   0x08031e14   0x00000008   Code   RO        22324    .text               c_w.l(libspace.o)
    0x08031e1c   0x08031e1c   0x0000004a   Code   RO        22327    .text               c_w.l(sys_stackheap_outer.o)
    0x08031e66   0x08031e66   0x00000002   PAD
    0x08031e68   0x08031e68   0x00000010   Code   RO        22329    .text               c_w.l(rt_ctype_table.o)
    0x08031e78   0x08031e78   0x00000012   Code   RO        22331    .text               c_w.l(exit.o)
    0x08031e8a   0x08031e8a   0x0000003e   Code   RO        22285    CL$$btod_d2e        c_w.l(btod.o)
    0x08031ec8   0x08031ec8   0x00000046   Code   RO        22287    CL$$btod_d2e_denorm_low  c_w.l(btod.o)
    0x08031f0e   0x08031f0e   0x00000060   Code   RO        22286    CL$$btod_d2e_norm_op1  c_w.l(btod.o)
    0x08031f6e   0x08031f6e   0x00000338   Code   RO        22295    CL$$btod_div_common  c_w.l(btod.o)
    0x080322a6   0x080322a6   0x000000dc   Code   RO        22292    CL$$btod_e2e        c_w.l(btod.o)
    0x08032382   0x08032382   0x0000002a   Code   RO        22289    CL$$btod_ediv       c_w.l(btod.o)
    0x080323ac   0x080323ac   0x0000002a   Code   RO        22288    CL$$btod_emul       c_w.l(btod.o)
    0x080323d6   0x080323d6   0x00000244   Code   RO        22294    CL$$btod_mult_common  c_w.l(btod.o)
    0x0803261a   0x0803261a   0x00000028   Code   RO        22322    i.__ARM_fpclassify  m_ws.l(fpclassify.o)
    0x08032642   0x08032642   0x0000000e   Code   RO        22066    i._is_digit         c_w.l(__printf_wp.o)
    0x08032650   0x08032650   0x0000002c   Code   RO        22314    locale$$code        c_w.l(lc_numeric_c.o)
    0x0803267c   0x0803267c   0x0000002c   Code   RO        22397    locale$$code        c_w.l(lc_ctype_c.o)
    0x080326a8   0x080326a8   0x00000150   Code   RO        22113    x$fpl$dadd          fz_ws.l(daddsub_clz.o)
    0x080327f8   0x080327f8   0x00000018   Code   RO        22230    x$fpl$dcmpinf       fz_ws.l(dcmpi.o)
    0x08032810   0x08032810   0x000002b0   Code   RO        22120    x$fpl$ddiv          fz_ws.l(ddiv.o)
    0x08032ac0   0x08032ac0   0x0000005e   Code   RO        22123    x$fpl$dfix          fz_ws.l(dfix.o)
    0x08032b1e   0x08032b1e   0x00000002   PAD
    0x08032b20   0x08032b20   0x0000005a   Code   RO        22127    x$fpl$dfixu         fz_ws.l(dfixu.o)
    0x08032b7a   0x08032b7a   0x0000002e   Code   RO        22132    x$fpl$dflt          fz_ws.l(dflt_clz.o)
    0x08032ba8   0x08032ba8   0x00000026   Code   RO        22131    x$fpl$dfltu         fz_ws.l(dflt_clz.o)
    0x08032bce   0x08032bce   0x00000002   PAD
    0x08032bd0   0x08032bd0   0x00000078   Code   RO        22137    x$fpl$dleqf         fz_ws.l(dleqf.o)
    0x08032c48   0x08032c48   0x00000154   Code   RO        22139    x$fpl$dmul          fz_ws.l(dmul.o)
    0x08032d9c   0x08032d9c   0x0000009c   Code   RO        22232    x$fpl$dnaninf       fz_ws.l(dnaninf.o)
    0x08032e38   0x08032e38   0x0000000c   Code   RO        22234    x$fpl$dretinf       fz_ws.l(dretinf.o)
    0x08032e44   0x08032e44   0x0000006c   Code   RO        22141    x$fpl$drleqf        fz_ws.l(drleqf.o)
    0x08032eb0   0x08032eb0   0x00000016   Code   RO        22114    x$fpl$drsb          fz_ws.l(daddsub_clz.o)
    0x08032ec6   0x08032ec6   0x00000002   PAD
    0x08032ec8   0x08032ec8   0x000001d4   Code   RO        22115    x$fpl$dsub          fz_ws.l(daddsub_clz.o)
    0x0803309c   0x0803309c   0x00000056   Code   RO        22143    x$fpl$f2d           fz_ws.l(f2d.o)
    0x080330f2   0x080330f2   0x00000002   PAD
    0x080330f4   0x080330f4   0x000000c4   Code   RO        22145    x$fpl$fadd          fz_ws.l(faddsub_clz.o)
    0x080331b8   0x080331b8   0x00000184   Code   RO        22152    x$fpl$fdiv          fz_ws.l(fdiv.o)
    0x0803333c   0x0803333c   0x0000003e   Code   RO        22155    x$fpl$ffixu         fz_ws.l(ffixu.o)
    0x0803337a   0x0803337a   0x00000002   PAD
    0x0803337c   0x0803337c   0x00000030   Code   RO        22160    x$fpl$fflt          fz_ws.l(fflt_clz.o)
    0x080333ac   0x080333ac   0x00000026   Code   RO        22159    x$fpl$ffltu         fz_ws.l(fflt_clz.o)
    0x080333d2   0x080333d2   0x0000008c   Code   RO        22236    x$fpl$fnaninf       fz_ws.l(fnaninf.o)
    0x0803345e   0x0803345e   0x0000000a   Code   RO        22238    x$fpl$fretinf       fz_ws.l(fretinf.o)
    0x08033468   0x08033468   0x000000ea   Code   RO        22147    x$fpl$fsub          fz_ws.l(faddsub_clz.o)
    0x08033552   0x08033552   0x00000004   Code   RO        22165    x$fpl$printf1       fz_ws.l(printf1.o)
    0x08033556   0x08033556   0x00000004   Code   RO        22240    x$fpl$printf2       fz_ws.l(printf2.o)
    0x0803355a   0x0803355a   0x00000000   Code   RO        22246    x$fpl$usenofp       fz_ws.l(usenofp.o)
    0x0803355a   0x0803355a   0x00000002   PAD
    0x0803355c   0x0803355c   0x00000004   Data   RO          746    .constdata          touch.o
    0x08033560   0x08033560   0x00000014   Data   RO          806    .constdata          ft5206.o
    0x08033574   0x08033574   0x000000c2   Data   RO          825    .constdata          gt9147.o
    0x08033636   0x08033636   0x00002f80   Data   RO         1296    .constdata          lcd.o
    0x080365b6   0x080365b6   0x00000002   PAD
    0x080365b8   0x080365b8   0x0000001c   Data   RO         2426    .constdata          lv_obj.o
    0x080365d4   0x080365d4   0x00000008   Data   RO         2693    .constdata          lv_obj_pos.o
    0x080365dc   0x080365dc   0x00000116   Data   RO         4116    .constdata          lv_draw_sw_letter.o
    0x080366f2   0x080366f2   0x00000021   Data   RO         4215    .constdata          lv_draw_sw_line.o
    0x08036713   0x08036713   0x00000001   PAD
    0x08036714   0x08036714   0x00000008   Data   RO         4303    .constdata          lv_draw_sw_polygon.o
    0x0803671c   0x0803671c   0x00000016   Data   RO        10439    .constdata          lv_theme_default.o
    0x08036732   0x08036732   0x00000002   PAD
    0x08036734   0x08036734   0x0000001c   Data   RO        11642    .constdata          lv_calendar.o
    0x08036750   0x08036750   0x0000001c   Data   RO        12042    .constdata          lv_calendar_header_arrow.o
    0x0803676c   0x0803676c   0x0000001c   Data   RO        12225    .constdata          lv_calendar_header_dropdown.o
    0x08036788   0x08036788   0x0000001c   Data   RO        12341    .constdata          lv_chart.o
    0x080367a4   0x080367a4   0x0000001c   Data   RO        12739    .constdata          lv_colorwheel.o
    0x080367c0   0x080367c0   0x0000001c   Data   RO        13535    .constdata          lv_keyboard.o
    0x080367dc   0x080367dc   0x000000b0   Data   RO        13536    .constdata          lv_keyboard.o
    0x0803688c   0x0803688c   0x00000050   Data   RO        13537    .constdata          lv_keyboard.o
    0x080368dc   0x080368dc   0x000000b0   Data   RO        13538    .constdata          lv_keyboard.o
    0x0803698c   0x0803698c   0x00000050   Data   RO        13539    .constdata          lv_keyboard.o
    0x080369dc   0x080369dc   0x000000b0   Data   RO        13540    .constdata          lv_keyboard.o
    0x08036a8c   0x08036a8c   0x00000050   Data   RO        13541    .constdata          lv_keyboard.o
    0x08036adc   0x08036adc   0x00000054   Data   RO        13542    .constdata          lv_keyboard.o
    0x08036b30   0x08036b30   0x00000022   Data   RO        13543    .constdata          lv_keyboard.o
    0x08036b52   0x08036b52   0x00000002   PAD
    0x08036b54   0x08036b54   0x0000001c   Data   RO        13721    .constdata          lv_led.o
    0x08036b70   0x08036b70   0x00000054   Data   RO        14119    .constdata          lv_list.o
    0x08036bc4   0x08036bc4   0x000000fc   Data   RO        14302    .constdata          lv_menu.o
    0x08036cc0   0x08036cc0   0x0000001c   Data   RO        14480    .constdata          lv_meter.o
    0x08036cdc   0x08036cdc   0x00000054   Data   RO        14877    .constdata          lv_msgbox.o
    0x08036d30   0x08036d30   0x0000001c   Data   RO        15673    .constdata          lv_spinbox.o
    0x08036d4c   0x08036d4c   0x0000001c   Data   RO        16071    .constdata          lv_spinner.o
    0x08036d68   0x08036d68   0x0000001c   Data   RO        16469    .constdata          lv_tabview.o
    0x08036d84   0x08036d84   0x00000038   Data   RO        16868    .constdata          lv_tileview.o
    0x08036dbc   0x08036dbc   0x0000001c   Data   RO        17031    .constdata          lv_win.o
    0x08036dd8   0x08036dd8   0x00002280   Data   RO        18347    .constdata          lv_font_montserrat_14.o
    0x08039058   0x08039058   0x000004f0   Data   RO        18348    .constdata          lv_font_montserrat_14.o
    0x08039548   0x08039548   0x0000007c   Data   RO        18349    .constdata          lv_font_montserrat_14.o
    0x080395c4   0x080395c4   0x00000028   Data   RO        18350    .constdata          lv_font_montserrat_14.o
    0x080395ec   0x080395ec   0x0000009e   Data   RO        18351    .constdata          lv_font_montserrat_14.o
    0x0803968a   0x0803968a   0x0000009e   Data   RO        18352    .constdata          lv_font_montserrat_14.o
    0x08039728   0x08039728   0x00000bad   Data   RO        18353    .constdata          lv_font_montserrat_14.o
    0x0803a2d5   0x0803a2d5   0x00000003   PAD
    0x0803a2d8   0x0803a2d8   0x00000010   Data   RO        18354    .constdata          lv_font_montserrat_14.o
    0x0803a2e8   0x0803a2e8   0x00000018   Data   RO        18355    .constdata          lv_font_montserrat_14.o
    0x0803a300   0x0803a300   0x0000001c   Data   RO        18356    .constdata          lv_font_montserrat_14.o
    0x0803a31c   0x0803a31c   0x00002b52   Data   RO        18562    .constdata          lv_font_montserrat_16.o
    0x0803ce6e   0x0803ce6e   0x00000002   PAD
    0x0803ce70   0x0803ce70   0x000004f0   Data   RO        18563    .constdata          lv_font_montserrat_16.o
    0x0803d360   0x0803d360   0x0000007c   Data   RO        18564    .constdata          lv_font_montserrat_16.o
    0x0803d3dc   0x0803d3dc   0x00000028   Data   RO        18565    .constdata          lv_font_montserrat_16.o
    0x0803d404   0x0803d404   0x0000009e   Data   RO        18566    .constdata          lv_font_montserrat_16.o
    0x0803d4a2   0x0803d4a2   0x0000009e   Data   RO        18567    .constdata          lv_font_montserrat_16.o
    0x0803d540   0x0803d540   0x00000bad   Data   RO        18568    .constdata          lv_font_montserrat_16.o
    0x0803e0ed   0x0803e0ed   0x00000003   PAD
    0x0803e0f0   0x0803e0f0   0x00000010   Data   RO        18569    .constdata          lv_font_montserrat_16.o
    0x0803e100   0x0803e100   0x00000018   Data   RO        18570    .constdata          lv_font_montserrat_16.o
    0x0803e118   0x0803e118   0x0000001c   Data   RO        18571    .constdata          lv_font_montserrat_16.o
    0x0803e134   0x0803e134   0x00003785   Data   RO        18777    .constdata          lv_font_montserrat_18.o
    0x080418b9   0x080418b9   0x00000003   PAD
    0x080418bc   0x080418bc   0x000004f0   Data   RO        18778    .constdata          lv_font_montserrat_18.o
    0x08041dac   0x08041dac   0x0000007c   Data   RO        18779    .constdata          lv_font_montserrat_18.o
    0x08041e28   0x08041e28   0x00000028   Data   RO        18780    .constdata          lv_font_montserrat_18.o
    0x08041e50   0x08041e50   0x0000009e   Data   RO        18781    .constdata          lv_font_montserrat_18.o
    0x08041eee   0x08041eee   0x0000009e   Data   RO        18782    .constdata          lv_font_montserrat_18.o
    0x08041f8c   0x08041f8c   0x00000bad   Data   RO        18783    .constdata          lv_font_montserrat_18.o
    0x08042b39   0x08042b39   0x00000003   PAD
    0x08042b3c   0x08042b3c   0x00000010   Data   RO        18784    .constdata          lv_font_montserrat_18.o
    0x08042b4c   0x08042b4c   0x00000018   Data   RO        18785    .constdata          lv_font_montserrat_18.o
    0x08042b64   0x08042b64   0x0000001c   Data   RO        18786    .constdata          lv_font_montserrat_18.o
    0x08042b80   0x08042b80   0x0000017c   Data   RO        20290    .constdata          lv_color.o
    0x08042cfc   0x08042cfc   0x000000b6   Data   RO        20407    .constdata          lv_math.o
    0x08042db2   0x08042db2   0x00000002   PAD
    0x08042db4   0x08042db4   0x0000001c   Data   RO        20656    .constdata          lv_arc.o
    0x08042dd0   0x08042dd0   0x0000001c   Data   RO        20821    .constdata          lv_bar.o
    0x08042dec   0x08042dec   0x0000001c   Data   RO        20927    .constdata          lv_btn.o
    0x08042e08   0x08042e08   0x0000001c   Data   RO        20951    .constdata          lv_btnmatrix.o
    0x08042e24   0x08042e24   0x0000001c   Data   RO        21140    .constdata          lv_checkbox.o
    0x08042e40   0x08042e40   0x00000038   Data   RO        21234    .constdata          lv_dropdown.o
    0x08042e78   0x08042e78   0x0000001c   Data   RO        21333    .constdata          lv_img.o
    0x08042e94   0x08042e94   0x0000001c   Data   RO        21427    .constdata          lv_label.o
    0x08042eb0   0x08042eb0   0x0000001c   Data   RO        21528    .constdata          lv_line.o
    0x08042ecc   0x08042ecc   0x00000038   Data   RO        21553    .constdata          lv_roller.o
    0x08042f04   0x08042f04   0x0000001c   Data   RO        21635    .constdata          lv_slider.o
    0x08042f20   0x08042f20   0x0000001c   Data   RO        21708    .constdata          lv_switch.o
    0x08042f3c   0x08042f3c   0x0000001c   Data   RO        21790    .constdata          lv_table.o
    0x08042f58   0x08042f58   0x0000001c   Data   RO        21891    .constdata          lv_textarea.o
    0x08042f74   0x08042f74   0x00000028   Data   RO        22054    .constdata          c_w.l(_printf_hex_int_ll_ptr.o)
    0x08042f9c   0x08042f9c   0x00000011   Data   RO        22074    .constdata          c_w.l(__printf_flags_ss_wp.o)
    0x08042fad   0x08042fad   0x00000003   PAD
    0x08042fb0   0x08042fb0   0x00000008   Data   RO        22195    .constdata          c_w.l(_printf_wctomb.o)
    0x08042fb8   0x08042fb8   0x00000026   Data   RO        22274    .constdata          c_w.l(_printf_fp_hex.o)
    0x08042fde   0x08042fde   0x00000002   PAD
    0x08042fe0   0x08042fe0   0x00000094   Data   RO        22283    .constdata          c_w.l(bigflt0.o)
    0x08043074   0x08043074   0x00000332   Data   RO            2    .conststring        main.o
    0x080433a6   0x080433a6   0x00000002   PAD
    0x080433a8   0x080433a8   0x00000079   Data   RO          747    .conststring        touch.o
    0x08043421   0x08043421   0x00000003   PAD
    0x08043424   0x08043424   0x0000001b   Data   RO        11643    .conststring        lv_calendar.o
    0x0804343f   0x0804343f   0x00000001   PAD
    0x08043440   0x08043440   0x00000069   Data   RO        12043    .conststring        lv_calendar_header_arrow.o
    0x080434a9   0x080434a9   0x00000003   PAD
    0x080434ac   0x080434ac   0x0000028c   Data   RO        12226    .conststring        lv_calendar_header_dropdown.o
    0x08043738   0x08043738   0x0000009d   Data   RO        13544    .conststring        lv_keyboard.o
    0x080437d5   0x080437d5   0x00000003   PAD
    0x080437d8   0x080437d8   0x0000006c   Data   RO        13545    .conststring        lv_keyboard.o
    0x08043844   0x08043844   0x0000007a   Data   RO        13546    .conststring        lv_keyboard.o
    0x080438be   0x080438be   0x00000002   PAD
    0x080438c0   0x080438c0   0x00000004   Data   RO        13547    .conststring        lv_keyboard.o
    0x080438c4   0x080438c4   0x00000025   Data   RO        20952    .conststring        lv_btnmatrix.o
    0x080438e9   0x080438e9   0x00000003   PAD
    0x080438ec   0x080438ec   0x00000042   Data   RO        21994    .conststring        wifi.o
    0x0804392e   0x0804392e   0x00000002   PAD
    0x08043930   0x08043930   0x00000020   Data   RO        22462    Region$$Table       anon$$obj.o
    0x08043950   0x08043950   0x0000001c   Data   RO        22313    locale$$data        c_w.l(lc_numeric_c.o)
    0x0804396c   0x0804396c   0x00000110   Data   RO        22396    locale$$data        c_w.l(lc_ctype_c.o)


    Execution Region RW_IRAM1 (Exec base: 0x20000000, Load base: 0x08043a7c, Size: 0x0000e7c0, Max: 0x00010000, ABSOLUTE, COMPRESSED[0x000000ec])

    Exec Addr    Load Addr    Size         Type   Attr      Idx    E Section Name        Object

    0x20000000   COMPRESSED   0x0000005c   Data   RW            3    .data               main.o
    0x2000005c   COMPRESSED   0x00000014   Data   RW          640    .data               system_stm32f10x.o
    0x20000070   COMPRESSED   0x00000001   Data   RW          670    .data               key.o
    0x20000071   COMPRESSED   0x00000003   PAD
    0x20000074   COMPRESSED   0x00000048   Data   RW          748    .data               touch.o
    0x200000bc   COMPRESSED   0x00000007   Data   RW          807    .data               ft5206.o
    0x200000c3   COMPRESSED   0x00000001   Data   RW          826    .data               gt9147.o
    0x200000c4   COMPRESSED   0x00000004   Data   RW         1298    .data               lcd.o
    0x200000c8   COMPRESSED   0x00000004   Data   RW         1327    .data               tpad.o
    0x200000cc   COMPRESSED   0x00000004   Data   RW         1411    .data               delay.o
    0x200000d0   COMPRESSED   0x00000002   Data   RW         1444    .data               usart.o
    0x200000d2   COMPRESSED   0x00000002   PAD
    0x200000d4   COMPRESSED   0x00000004   Data   RW         1445    .data               usart.o
    0x200000d8   COMPRESSED   0x00000014   Data   RW         1532    .data               stm32f10x_rcc.o
    0x200000ec   COMPRESSED   0x00000008   Data   RW         1843    .data               lv_port_indev_template.o
    0x200000f4   COMPRESSED   0x00000008   Data   RW         2023    .data               lv_event.o
    0x200000fc   COMPRESSED   0x00000004   Data   RW         2166    .data               lv_group.o
    0x20000100   COMPRESSED   0x0000000c   Data   RW         2322    .data               lv_indev.o
    0x2000010c   COMPRESSED   0x00000008   Data   RW         2427    .data               lv_obj.o
    0x20000114   COMPRESSED   0x00000008   Data   RW         2694    .data               lv_obj_pos.o
    0x2000011c   COMPRESSED   0x00000001   Data   RW         2899    .data               lv_obj_style.o
    0x2000011d   COMPRESSED   0x00000003   PAD
    0x20000120   COMPRESSED   0x00000008   Data   RW         3092    .data               lv_refr.o
    0x20000128   COMPRESSED   0x0000000c   Data   RW         3966    .data               lv_draw_sw_gradient.o
    0x20000134   COMPRESSED   0x00000008   Data   RW         4118    .data               lv_draw_sw_letter.o
    0x2000013c   COMPRESSED   0x00000010   Data   RW         5207    .data               lv_flex.o
    0x2000014c   COMPRESSED   0x00000018   Data   RW         5376    .data               lv_grid.o
    0x20000164   COMPRESSED   0x00000020   Data   RW        10440    .data               lv_theme_default.o
    0x20000184   COMPRESSED   0x0000001c   Data   RW        11644    .data               lv_calendar.o
    0x200001a0   COMPRESSED   0x00000030   Data   RW        12044    .data               lv_calendar_header_arrow.o
    0x200001d0   COMPRESSED   0x00000008   Data   RW        12227    .data               lv_calendar_header_dropdown.o
    0x200001d8   COMPRESSED   0x00000006   Data   RW        12740    .data               lv_colorwheel.o
    0x200001de   COMPRESSED   0x00000002   PAD
    0x200001e0   COMPRESSED   0x00000048   Data   RW        13548    .data               lv_keyboard.o
    0x20000228   COMPRESSED   0x00000008   Data   RW        16072    .data               lv_spinner.o
    0x20000230   COMPRESSED   0x00000004   Data   RW        16470    .data               lv_tabview.o
    0x20000234   COMPRESSED   0x0000000c   Data   RW        16869    .data               lv_tileview.o
    0x20000240   COMPRESSED   0x00000002   Data   RW        17032    .data               lv_win.o
    0x20000242   COMPRESSED   0x00000002   PAD
    0x20000244   COMPRESSED   0x00000008   Data   RW        18357    .data               lv_font_montserrat_14.o
    0x2000024c   COMPRESSED   0x00000008   Data   RW        18572    .data               lv_font_montserrat_16.o
    0x20000254   COMPRESSED   0x00000008   Data   RW        18787    .data               lv_font_montserrat_18.o
    0x2000025c   COMPRESSED   0x00000010   Data   RW        19773    .data               lv_hal_disp.o
    0x2000026c   COMPRESSED   0x00000008   Data   RW        20115    .data               lv_hal_tick.o
    0x20000274   COMPRESSED   0x0000000c   Data   RW        20136    .data               lv_anim.o
    0x20000280   COMPRESSED   0x00000014   Data   RW        20349    .data               lv_gc.o
    0x20000294   COMPRESSED   0x00000004   Data   RW        20408    .data               lv_math.o
    0x20000298   COMPRESSED   0x00000008   Data   RW        20423    .data               lv_mem.o
    0x200002a0   COMPRESSED   0x00000002   Data   RW        20453    .data               lv_style.o
    0x200002a2   COMPRESSED   0x00000002   PAD
    0x200002a4   COMPRESSED   0x00000014   Data   RW        20512    .data               lv_timer.o
    0x200002b8   COMPRESSED   0x0000000c   Data   RW        20540    .data               lv_txt.o
    0x200002c4   COMPRESSED   0x00000004   Data   RW        20541    .data               lv_txt.o
    0x200002c8   COMPRESSED   0x00000004   Data   RW        20543    .data               lv_txt.o
    0x200002cc   COMPRESSED   0x00000004   Data   RW        20544    .data               lv_txt.o
    0x200002d0   COMPRESSED   0x00000004   Data   RW        20545    .data               lv_txt.o
    0x200002d4   COMPRESSED   0x0000001c   Data   RW        20953    .data               lv_btnmatrix.o
    0x200002f0   COMPRESSED   0x00000004   Data   RW        21892    .data               lv_textarea.o
    0x200002f4        -       0x0000000e   Zero   RW         1295    .bss                lcd.o
    0x20000302        -       0x000000c2   Zero   RW         1381    .bss                atk_mw8266d_uart.o
    0x200003c4        -       0x000000c8   Zero   RW         1443    .bss                usart.o
    0x2000048c        -       0x00001968   Zero   RW         1595    .bss                lv_port_disp_template.o
    0x20001df4        -       0x00000020   Zero   RW         1842    .bss                lv_port_indev_template.o
    0x20001e14        -       0x00000100   Zero   RW         4115    .bss                lv_draw_sw_letter.o
    0x20001f14        -       0x0000004c   Zero   RW        10438    .bss                lv_theme_default.o
    0x20001f60        -       0x000001fc   Zero   RW        20348    .bss                lv_gc.o
    0x2000215c        -       0x0000c000   Zero   RW        20422    .bss                lv_mem.o
    0x2000e15c        -       0x00000060   Zero   RW        22325    .bss                c_w.l(libspace.o)
    0x2000e1bc   COMPRESSED   0x00000004   PAD
    0x2000e1c0        -       0x00000200   Zero   RW         1489    HEAP                startup_stm32f10x_hd.o
    0x2000e3c0        -       0x00000400   Zero   RW         1488    STACK               startup_stm32f10x_hd.o


==============================================================================

Image component sizes


      Code (inc. data)   RO Data    RW Data    ZI Data      Debug   Object Name

       318          0          0          0          0       2718   24cxx.o
       736         42          0          0          0       3047   adc.o
       152          6          0          0          0        797   adcx.o
       904        306          0          0          0       5281   atk_mw8266d.o
       432         14          0          0        194       2758   atk_mw8266d_uart.o
       100          4          0          0          0        633   bump.o
        32          0          0          0          0        508   core_cm3.o
       620         16          0          0          0       2839   ctiic.o
       152         14          0          4          0       1047   delay.o
       412          6          0          0          0       2148   dht11.o
      1060         54         20          7          0       3211   ft5206.o
       920         64        194          1          0       3210   gt9147.o
       220         14          0          1          0        848   key.o
     14100        122      12160          4         14      22794   lcd.o
        80         10          0          0          0        479   led.o
       104         10          0          0          0       1047   lsens.o
      1244         22          0         12          0      28883   lv_anim.o
      3142         10         28          0          0      69586   lv_arc.o
      1614         22          0          0          0       8969   lv_area.o
        76          4          0          0          0       1748   lv_async.o
      2172         26         28          0          0      58043   lv_bar.o
         0          0          0          0          0       6851   lv_bidi.o
        52          6         28          0          0       1387   lv_btn.o
      3988         28         65         28          0      52781   lv_btnmatrix.o
      1252         26         55         28          0      57974   lv_calendar.o
       444         32        133         48          0      49989   lv_calendar_header_arrow.o
       348         20        680          8          0      36444   lv_calendar_header_dropdown.o
      8296         28         28          0          0      90746   lv_chart.o
      1008         16         28          0          0      46558   lv_checkbox.o
       904         14        380          0          0      10758   lv_color.o
      2666         14         28          6          0      75317   lv_colorwheel.o
      1172         32          0          0          0      53523   lv_disp.o
         2          0          0          0          0      17354   lv_draw.o
       994          0          0          0          0      21680   lv_draw_arc.o
       868         38          0          0          0      30077   lv_draw_img.o
      1566         14          0          0          0      31140   lv_draw_label.o
        88          0          0          0          0      30148   lv_draw_line.o
      5288         38          0          0          0      25207   lv_draw_mask.o
       244          4          0          0          0      24709   lv_draw_rect.o
        96         34          0          0          0      37490   lv_draw_sw.o
      2662          0          0          0          0      39812   lv_draw_sw_arc.o
      3400         32          0          0          0      53413   lv_draw_sw_blend.o
      1012         22          0         12          0      17842   lv_draw_sw_gradient.o
      1240          0          0          0          0      31305   lv_draw_sw_img.o
       872         14        278          8        256      25405   lv_draw_sw_letter.o
      1988          4         33          0          0      22178   lv_draw_sw_line.o
       644          6          8          0          0       2645   lv_draw_sw_polygon.o
      7078          0          0          0          0      18276   lv_draw_sw_rect.o
      3576         60         56          0          0      54160   lv_dropdown.o
      1308         34          0          8          0      51935   lv_event.o
        14          0          0          0          0        492   lv_extra.o
      2848         52          0         16          0      71337   lv_flex.o
        96          0          0          0          0       6533   lv_font.o
         0          0          0          0          0       4568   lv_font_dejavu_16_persian_hebrew.o
       692         14          0          0          0       6969   lv_font_fmt_txt.o
         0          0      13633          8          0       2726   lv_font_montserrat_14.o
         0          0      15891          8          0       2726   lv_font_montserrat_16.o
         0          0      19014          8          0       2726   lv_font_montserrat_18.o
      1220         16          0          0          0      10253   lv_fs.o
       184         14          0         20        508       2062   lv_gc.o
      2808         32          0         24          0      75401   lv_grid.o
      1316         26          0          4          0      52806   lv_group.o
      2060         62          0         16          0      57449   lv_hal_disp.o
       316          8          0          0          0      45937   lv_hal_indev.o
        48          6          0          8          0       1562   lv_hal_tick.o
      3196          8         28          0          0      53752   lv_img.o
      3140         36          0          0          0      21885   lv_img_buf.o
        88          4          0          0          0       6231   lv_img_cache.o
      1992         34          0          0          0      20515   lv_img_decoder.o
      3280         14          0         12          0      25576   lv_indev.o
      2786          8          0          0          0      32705   lv_indev_scroll.o
       892         62       1305         72          0      55320   lv_keyboard.o
      4388         68         28          0          0      63973   lv_label.o
       812         10         28          0          0      53883   lv_led.o
       480          4         28          0          0      12330   lv_line.o
         0          0         84          0          0      47891   lv_list.o
       676          0          0          0          0       5589   lv_ll.o
       468         10        182          4          0       3693   lv_math.o
      1104         20          0          8      49152       6545   lv_mem.o
      1936         36        252          0          0      58580   lv_menu.o
      3308         26         28          0          0      77357   lv_meter.o
         0          0         84          0          0      51434   lv_msgbox.o
      3468         32         28          8          0      59508   lv_obj.o
       456          4          0          0          0       2832   lv_obj_class.o
      1804          0          0          0          0      62570   lv_obj_draw.o
      5038         54          8          8          0      63079   lv_obj_pos.o
      4220         32          0          0          0      60778   lv_obj_scroll.o
      3560         38          0          1          0      60710   lv_obj_style.o
      1296          0          0          0          0      24705   lv_obj_style_gen.o
      1290          8          0          0          0      34307   lv_obj_tree.o
       112         18          0          0       6504      36067   lv_port_disp_template.o
       100         18          0          8         32       1842   lv_port_indev_template.o
      1780         10          0          0          0       8815   lv_printf.o
      3064         12          0          8          0      44574   lv_refr.o
      2676         76         56          0          0      49004   lv_roller.o
      2014          4         28          0          0      34172   lv_slider.o
      1188         12         28          0          0      59009   lv_spinbox.o
       168         22         28          8          0      52253   lv_spinner.o
       924         12          0          2          0      20283   lv_style.o
      1114          0          0          0          0      30281   lv_style_gen.o
       840         12         28          0          0      39784   lv_switch.o
      3672         16         28          0          0      59690   lv_table.o
      1070         26         28          4          0      65847   lv_tabview.o
      4428        110         28          4          0      66732   lv_textarea.o
       212         10          0          0          0      51254   lv_theme.o
      9536        306         22         32         76      63124   lv_theme_default.o
       544         14         56         12          0      51421   lv_tileview.o
       532         14          0         20          0       5139   lv_timer.o
      2010          8          0          0          0      18896   lv_tlsf.o
      1740         16          0         28          0      13215   lv_txt.o
        76          0          0          0          0        900   lv_utils.o
       256         10         28          2          0      52248   lv_win.o
      5444        678        818         92          0     322818   main.o
       176         14          0          0          0       1805   misc.o
       556          8          0          0          0       1968   myiic.o
        64         26        304          0       1536        776   startup_stm32f10x_hd.o
       816         24          0          0          0      11197   stm32f10x_adc.o
       620         36          0          0          0       5777   stm32f10x_gpio.o
        18          0          0          0          0       1138   stm32f10x_it.o
       692         32          0         20          0       8908   stm32f10x_rcc.o
      2804         86          0          0          0      22894   stm32f10x_tim.o
       808         22          0          0          0       8692   stm32f10x_usart.o
       832         40          0          0          0       4901   sys.o
       340         32          0         20          0       1691   system_stm32f10x.o
       132          6          0          0          0       1344   timer.o
      2348        136        125         72          0       7550   touch.o
       548         54          0          4          0       2615   tpad.o
       124         16          0          0          0       1137   ts.o
       276         16          0          6        200       3126   usart.o
       704        346         66          0          0       2429   wifi.o

    ----------------------------------------------------------------------
    198316       4318      66596        756      58472    3782309   Object Totals
         0          0         32          0          0          0   (incl. Generated)
        32          0         42         14          0          0   (incl. Padding)

    ----------------------------------------------------------------------

      Code (inc. data)   RO Data    RW Data    ZI Data      Debug   Library Member Name

        24          4          0          0          0         84   __2printf.o
        56          6          0          0          0         88   __2snprintf.o
        44          6          0          0          0         84   __2sprintf.o
        90          0          0          0          0          0   __dczerorl2.o
         8          0          0          0          0         68   __main.o
       392          4         17          0          0         92   __printf_flags_ss_wp.o
        14          0          0          0          0         68   __printf_wp.o
         0          0          0          0          0          0   __rtentry.o
        12          0          0          0          0          0   __rtentry2.o
         6          0          0          0          0          0   __rtentry4.o
        52          8          0          0          0          0   __scatter.o
        28          0          0          0          0          0   __scatter_zi.o
         6          0          0          0          0          0   _printf_a.o
         6          0          0          0          0          0   _printf_c.o
        44          0          0          0          0        108   _printf_char.o
        48          6          0          0          0         96   _printf_char_common.o
        36          4          0          0          0         80   _printf_char_file.o
        40          0          0          0          0         68   _printf_charcount.o
         6          0          0          0          0          0   _printf_d.o
       120         16          0          0          0         92   _printf_dec.o
         6          0          0          0          0          0   _printf_e.o
         6          0          0          0          0          0   _printf_f.o
      1054          0          0          0          0        216   _printf_fp_dec.o
       764          8         38          0          0        100   _printf_fp_hex.o
       128         16          0          0          0         84   _printf_fp_infnan.o
         6          0          0          0          0          0   _printf_g.o
       148          4         40          0          0        160   _printf_hex_int_ll_ptr.o
         6          0          0          0          0          0   _printf_i.o
       178          0          0          0          0         88   _printf_intcommon.o
        10          0          0          0          0          0   _printf_l.o
         6          0          0          0          0          0   _printf_lc.o
        10          0          0          0          0          0   _printf_ll.o
         6          0          0          0          0          0   _printf_lld.o
         6          0          0          0          0          0   _printf_lli.o
         6          0          0          0          0          0   _printf_llo.o
         6          0          0          0          0          0   _printf_llu.o
         6          0          0          0          0          0   _printf_llx.o
       124         16          0          0          0         92   _printf_longlong_dec.o
         6          0          0          0          0          0   _printf_ls.o
         6          0          0          0          0          0   _printf_n.o
         6          0          0          0          0          0   _printf_o.o
       112         10          0          0          0        124   _printf_oct_int_ll.o
         6          0          0          0          0          0   _printf_p.o
        78          0          0          0          0        108   _printf_pad.o
         0          0          0          0          0          0   _printf_percent.o
         4          0          0          0          0          0   _printf_percent_end.o
         6          0          0          0          0          0   _printf_s.o
        82          0          0          0          0         80   _printf_str.o
        36          0          0          0          0         84   _printf_truncate.o
         6          0          0          0          0          0   _printf_u.o
        44          0          0          0          0        108   _printf_wchar.o
       188          6          8          0          0         92   _printf_wctomb.o
         6          0          0          0          0          0   _printf_x.o
        16          0          0          0          0         68   _snputc.o
        10          0          0          0          0         68   _sputc.o
        64          0          0          0          0         92   _wcrtomb.o
       228          4        148          0          0         96   bigflt0.o
      1936        128          0          0          0        672   btod.o
        18          0          0          0          0         80   exit.o
         8          0          0          0          0         68   ferror.o
         6          0          0          0          0        152   heapauxi.o
        44         10        272          0          0         76   lc_ctype_c.o
        44         10         28          0          0         76   lc_numeric_c.o
         2          0          0          0          0          0   libinit.o
        30          0          0          0          0          0   libinit2.o
         2          0          0          0          0          0   libshutdown.o
         2          0          0          0          0          0   libshutdown2.o
         8          4          0          0         96         68   libspace.o
       138          0          0          0          0         80   lludiv10.o
       238          0          0          0          0        100   lludivv7m.o
        16          4          0          0          0         76   rt_ctype_table.o
         8          4          0          0          0         68   rt_locale_intlibspace.o
        68          0          0          0          0         68   rt_memclr.o
        78          0          0          0          0         80   rt_memclr_w.o
       138          0          0          0          0         68   rt_memcpy_v6.o
       100          0          0          0          0         80   rt_memcpy_w.o
         2          0          0          0          0          0   rtexit.o
        10          0          0          0          0          0   rtexit2.o
        24          0          0          0          0         68   strcat.o
       128          0          0          0          0         68   strcmpv7m.o
        72          0          0          0          0         80   strcpy.o
        62          0          0          0          0         76   strlen.o
        86          0          0          0          0         76   strncpy.o
        36          0          0          0          0         80   strstr.o
        74          0          0          0          0         80   sys_stackheap_outer.o
         2          0          0          0          0         68   use_no_semi.o
         2          0          0          0          0         68   use_no_semi_2.o
        36          4          0          0          0         76   vsprintf.o
       826         16          0          0          0        348   daddsub_clz.o
        24          0          0          0          0         68   dcmpi.o
       688        140          0          0          0        208   ddiv.o
        94          4          0          0          0         92   dfix.o
        90          4          0          0          0         92   dfixu.o
        84          0          0          0          0        136   dflt_clz.o
       120          4          0          0          0         92   dleqf.o
       340         12          0          0          0        104   dmul.o
       156          4          0          0          0         92   dnaninf.o
        12          0          0          0          0         68   dretinf.o
       108          0          0          0          0         80   drleqf.o
        86          4          0          0          0         84   f2d.o
       430          8          0          0          0        168   faddsub_clz.o
       388         76          0          0          0         96   fdiv.o
        62          4          0          0          0         84   ffixu.o
        86          0          0          0          0        136   fflt_clz.o
       140          4          0          0          0         84   fnaninf.o
        10          0          0          0          0         68   fretinf.o
         4          0          0          0          0         68   printf1.o
         4          0          0          0          0         68   printf2.o
         0          0          0          0          0          0   usenofp.o
        40          0          0          0          0         68   fpclassify.o

    ----------------------------------------------------------------------
     11648        562        556          0        100       7444   Library Totals
        26          0          5          0          4          0   (incl. Padding)

    ----------------------------------------------------------------------

      Code (inc. data)   RO Data    RW Data    ZI Data      Debug   Library Name

      7830        282        551          0         96       5140   c_w.l
      3752        280          0          0          0       2236   fz_ws.l
        40          0          0          0          0         68   m_ws.l

    ----------------------------------------------------------------------
     11648        562        556          0        100       7444   Library Totals

    ----------------------------------------------------------------------

==============================================================================


      Code (inc. data)   RO Data    RW Data    ZI Data      Debug   

    209964       4880      67152        756      58572    3772537   Grand Totals
    209964       4880      67152        236      58572    3772537   ELF Image Totals (compressed)
    209964       4880      67152        236          0          0   ROM Totals

==============================================================================

    Total RO  Size (Code + RO Data)               277116 ( 270.62kB)
    Total RW  Size (RW Data + ZI Data)             59328 (  57.94kB)
    Total ROM Size (Code + RO Data + RW Data)     277352 ( 270.85kB)

==============================================================================

